eaf_write: rc ne bytes -1999 bytes 262144
 eaf_write: rc ne bytes -1999 bytes 262144
 eaf_write: rc ne bytes -1999 bytes 262144
 eaf_write: rc ne bytes -1999 bytes 262144
 eaf_write: rc ne bytes -1999 bytes 262144
 eaf_write: rc ne bytes -1999 bytes 262144
 eaf_write: rc ne bytes -1999 bytes 262144
 eaf_write: rc ne bytes -1999 bytes 262144
 
===================================================================================
=   BAD TERMINATION OF ONE OF YOUR APPLICATION PROCESSES
=   RANK 0 PID 3767753 RUNNING AT c1-18
=   KILLED BY SIGNAL: 9 (Killed)
===================================================================================

===================================================================================
=   BAD TERMINATION OF ONE OF YOUR APPLICATION PROCESSES
=   RANK 1 PID 3767754 RUNNING AT c1-18
=   KILLED BY SIGNAL: 9 (Killed)
===================================================================================

===================================================================================
=   BAD TERMINATION OF ONE OF YOUR APPLICATION PROCESSES
=   RANK 2 PID 3767755 RUNNING AT c1-18
=   KILLED BY SIGNAL: 9 (Killed)
===================================================================================

===================================================================================
=   BAD TERMINATION OF ONE OF YOUR APPLICATION PROCESSES
=   RANK 3 PID 3767756 RUNNING AT c1-18
=   KILLED BY SIGNAL: 9 (Killed)
===================================================================================

===================================================================================
=   BAD TERMINATION OF ONE OF YOUR APPLICATION PROCESSES
=   RANK 4 PID 3767757 RUNNING AT c1-18
=   KILLED BY SIGNAL: 9 (Killed)
===================================================================================

===================================================================================
=   BAD TERMINATION OF ONE OF YOUR APPLICATION PROCESSES
=   RANK 5 PID 3767758 RUNNING AT c1-18
=   KILLED BY SIGNAL: 9 (Killed)
===================================================================================

===================================================================================
=   BAD TERMINATION OF ONE OF YOUR APPLICATION PROCESSES
=   RANK 6 PID 3767759 RUNNING AT c1-18
=   KILLED BY SIGNAL: 9 (Killed)
===================================================================================

===================================================================================
=   BAD TERMINATION OF ONE OF YOUR APPLICATION PROCESSES
=   RANK 7 PID 3767760 RUNNING AT c1-18
=   KILLED BY SIGNAL: 11 (Segmentation fault)
===================================================================================

===================================================================================
=   BAD TERMINATION OF ONE OF YOUR APPLICATION PROCESSES
=   RANK 8 PID 3767761 RUNNING AT c1-18
=   KILLED BY SIGNAL: 9 (Killed)
===================================================================================

===================================================================================
=   BAD TERMINATION OF ONE OF YOUR APPLICATION PROCESSES
=   RANK 9 PID 3767762 RUNNING AT c1-18
=   KILLED BY SIGNAL: 9 (Killed)
===================================================================================
